// Jest Snapshot v1, https://goo.gl/fbAQLP

exports[`<Empty /> renders correctly 1`] = `
<div
  className="kai-empty"
>
  <p
    className="kai-empty-text"
  />
</div>
`;
