// Jest Snapshot v1, https://goo.gl/fbAQLP

exports[`<Header /> renders correctly 1`] = `
<header
  className="kai-header"
>
  <h1
    className="h1"
  >
    KaiOS header
  </h1>
</header>
`;
